<wicket:panel>
    <h1>childform</h1>

    <form wicket:id="childForm">
        <input type="text" wicket:id="textField">
    </form>


</wicket:panel>