<?xml version="1.0" encoding="UTF-8"?>
<html xmlns="http://www.w3.org/1999/xhtml"
      xmlns:wicket="http://www.w3.org/1999/xhtml">
<head>
    <title></title>
</head>
<body>
<h1>parent form</h1>
<form wicket:id="parentForm">
    <div wicket:id="childForm"/>
</form>
</body>
</html>